/data/emotion2/data27/EEG_fMRI/VB15688/atlas/VB15688_mpr1	t4=/data/nilstor01/data1/atlas/711-2V/VB15688_mpr1_to_711-2V_t4
/data/emotion2/data27/EEG_fMRI/VB15744/atlas/VB15744_mpr1	t4=/data/nilstor01/data1/atlas/711-2V/VB15744_mpr1_to_711-2V_t4
/data/emotion2/data31/EEG_fMRI/VB15792/atlas/VB15792_mpr1	t4=/data/nilstor01/data1/atlas/711-2V/VB15792_mpr1_to_711-2V_t4
/data/emotion2/data31/EEG_fMRI/VB15892/atlas/VB15892_mpr1	t4=/data/nilstor01/data1/atlas/711-2V/VB15892_mpr1_to_711-2V_t4
/data/emotion2/data31/EEG_fMRI/VB16110/atlas/VB16110_mpr1	t4=/data/nilstor01/data1/atlas/711-2V/VB16110_mpr1_to_711-2V_t4
/data/emotion2/data31/EEG_fMRI/VB16348/atlas/VB16348_mpr1	t4=/data/nilstor01/data1/atlas/711-2V/VB16348_mpr1_to_711-2V_t4
/data/emotion2/data31/EEG_fMRI/VB16350/atlas/VB16350_mpr1	t4=/data/nilstor01/data1/atlas/711-2V/VB16350_mpr1_to_711-2V_t4
/data/emotion2/data31/EEG_fMRI/VB16539/atlas/VB16539_mpr1	t4=/data/nilstor01/data1/atlas/711-2V/VB16539_mpr1_to_711-2V_t4
/data/emotion2/data31/EEG_fMRI/VB16283/atlas/VB16283_mpr1	t4=/data/nilstor01/data1/atlas/711-2V/VB16283_mpr1_to_711-2V_t4
/data/emotion2/data27/EEG_fMRI/VB15341/atlas/VB15341_mpr1	t4=/data/nilstor01/data1/atlas/711-2V/VB15341_mpr1_to_711-2V_t4
/data/emotion2/data27/EEG_fMRI/VB15452/atlas/VB15452_mpr1	t4=/data/nilstor01/data1/atlas/711-2V/VB15452_mpr1_to_711-2V_t4
/data/nilstor01/data1/atlas/711-2V/recog_pilot3_mpr1		t4=/data/nilstor01/data1/atlas/711-2V/recog_pilot3_mpr1_to_711-2V_t4
/data/nilstor01/data1/atlas/711-2V/recog_pilot4_mpr1		t4=/data/nilstor01/data1/atlas/711-2V/recog_pilot4_mpr1_to_711-2V_t4
/data/nilstor01/data1/atlas/711-2V/recog_pilot5_mpr1		t4=/data/nilstor01/data1/atlas/711-2V/recog_pilot5_mpr1_to_711-2V_t4
/data/nilstor01/data1/atlas/711-2V/drum33_mpr1			t4=/data/nilstor01/data1/atlas/711-2V/drum33_mpr1_to_711-2V_t4
/data/nilstor01/data1/atlas/711-2V/recall_pilot2_mpr1		t4=/data/nilstor01/data1/atlas/711-2V/recall_pilot2_mpr1_to_711-2V_t4
