4dfptoanalyze/4dfptoanalyze.c
4dfp_to_PAL/4dfp_to_PAL.c
actmapf_4dfp/actmapf_4dfp.c
actmapf_4dfp/compute_defined_4dfp.c
actmapf_4dfp/conc.c
actmapf_4dfp/conc.h
actmapf_4dfp/conc_test.c
actmapf_4dfp/condense.c
actmapf_4dfp/covariance_analysis.c
actmapf_4dfp/covariance.c
actmapf_4dfp/dglm_4dfp.f
actmapf_4dfp/expandf.c
actmapf_4dfp/fGC.f
actmapf_4dfp/format2lst.c
actmapf_4dfp/GC_4dfp.c
actmapf_4dfp/GC_dat.c
actmapf_4dfp/glm_4dfp.c
actmapf_4dfp/glmB_4dfp.c
actmapf_4dfp/LDA.c
actmapf_4dfp/LOWESS.c
actmapf_4dfp/mat_algebra.c
actmapf_4dfp/svd_4dfp.c
aff_conv/aff_conv.c
algebra_4dfp/complex_test.c
algebra_4dfp/dft_test.f
algebra_4dfp/generate_rand_4dfp.c
algebra_4dfp/imgopr_4dfp.c
algebra_4dfp/interp_lag_SE.c
algebra_4dfp/interp_lag_test.c
algebra_4dfp/LT_Neuron_rebuttal.c
algebra_4dfp/RFX_4dfp.c
algebra_4dfp/ROI_resolve_4dfp.c
algebra_4dfp/ROI_resolve_multivol_4dfp.c
algebra_4dfp/simulate_test.c
algebra_4dfp/simulate_test_lag.c
algebra_4dfp/spatial_corr_4dfp.c
algebra_4dfp/spatial_cov_multivol_4dfp.c
algebra_4dfp/zpz_test.f
analyzeto4dfp/analyzeto4dfp.c
analyzeto4dfp/hdr2txt.c
cluster_4dfp/cluster_4dfp.c
cluster_4dfp/extend_fast_4dfp.c
collate_slice_4dfp/collate_slice_4dfp.c
crop_4dfp/crop_4dfp.c
crop_4dfp/fzero_slice.f
crop_4dfp/zero_slice_4dfp.c
cross_realign3d_4dfp/alignmrixyz.f
cross_realign3d_4dfp/cross_realign3d_4dfp.c
cross_realign3d_4dfp/frmsfmri.f
cross_realign3d_4dfp/gauss2diz.c
cross_realign3d_4dfp/gauss3diz.c
cross_realign3d_4dfp/imgvalsixyz.f
cross_realign3d_4dfp/mat2dat.c
cross_realign3d_4dfp/RT_realign3d_4dfp.c
cross_realign3d_4dfp/splinexyz.f
cs2ap_4dfp/cs2ap_4dfp.c
cs2ap_4dfp/read_triangle_surf.c
dcm_dump_file/condition.c
dcm_dump_file/ctnthread.c
dcm_dump_file/dcm.c
dcm_dump_file/dcmcond.c
dcm_dump_file/dcmdict.c
dcm_dump_file/dcm_dump_file.c
dcm_dump_file/dcmsupport.c
dcm_dump_file/lst.c
dcm_dump_file/utility.c
dcm_pet/condition.c
dcm_pet/config.h
dcm_pet/ctnthread.c
dcm_pet/dcm.c
dcm_pet/dcmcond.c
dcm_pet/dcmdict.c
dcm_pet/dcm_pet.c
dcm_pet/dcmsupport.c
dcm_pet/lst.c
dcm_pet/pixel_ops.c
dcm_pet/sequences.c
dcm_pet/sqcond.c
dcm_pet/utility.c
dcm_to_4dfp/condition.c*
dcm_to_4dfp/config.h*
dcm_to_4dfp/ctnthread.c*
dcm_to_4dfp/dcm.c*
dcm_to_4dfp/dcmcond.c*
dcm_to_4dfp/dcmdict.c*
dcm_to_4dfp/dcmsupport.c*
dcm_to_4dfp/dcm_to_4dfp.c*
dcm_to_4dfp/gitversion.c*
dcm_to_4dfp/lst.c*
dcm_to_4dfp/pixel_ops.c*
dcm_to_4dfp/test_dcm.c*
dcm_to_4dfp/test_dcm_to_4dfp.c*
dcm_to_4dfp/utility.c*
deband_4dfp/deband_4dfp.c
deband_4dfp/debandg.f
deband_4dfp/fdeband.f
diff4dfp/affine_DTrot.c
diff4dfp/contour.c
diff4dfp/diff_4dfp.c
diff4dfp/diffRGB_4dfp.c
diff4dfp/dtensor.c
diff4dfp/feat.c
diff4dfp/fuzzy.c
diff4dfp/get_dti_params.c
diff4dfp/knee.h
diff4dfp/morph.c
diff4dfp/nonlinear.c
diff4dfp/t4tolin.c
diff4dfp/whisker_4dfp.c
dwi_xalign_4dfp/dwi_cross_xalign3d_4dfp.c
dwi_xalign_4dfp/dwi_xalign3d_4dfp.c
ecat/analyze.c
ecat/analyze.h
ecat/convert_64.c
ecat/convert_70.c
ecat/crash.c
ecat/ecat_header.c
ecat/ecat_header.h
ecat/ecatto4dfp.c
ecat/interfile.c
ecat/interfile.h
ecat/isotope_info.h
ecat/load_volume7.c
ecat/load_volume.h
ecat/machine_indep.c
ecat/machine_indep.h
ecat/matrix_64.c
ecat/matrix_64.h
ecat/matrix.c
ecat/matrix_extra.c
ecat/matrix.h
ecat/matrix_slice.c
ecat/matrix_xdr.c
ecat/matrix_xdr.h
ecat/num_sort.c
ecat/num_sort.h
ecat/rfa_xdr.c
ecat/rfa_xdr.h
ecat/rts_cmd.c
ecat/save_volume7.c
ecat/sino_dets.c
flip_4dfp/cflip.c
flip_4dfp/flip_4dfp.c
flip_4dfp/flip_4dfp.h
frame_align/frame_align_4dfp.c
frame_align/rfft1d.c
frame_align/slice_sequence.c
gauss_4dfp/cgauss3dd.c
gauss_4dfp/gauss_4dfp.c
gauss_4dfp/hsphere3d.f
gauss_4dfp/hsphere_4dfp.c
gauss_4dfp/modelf.c
gauss_4dfp/RSNs_fft_4dfp.c
gauss_4dfp/surrogate_RSNs_4dfp.c
imato4dfp2/splitE_4dfp.c
imato4dfp2/unpack_4dfp.c
imato4dfp2/unpack.f
img2msk_4dfp/fimg2msk.f
img2msk_4dfp/img2msk_4dfp.c
imgblur_4dfp/fimgblur.f
imgblur_4dfp/imgblur_4dfp.c
img_hist_4dfp/fimg_mode.c
img_hist_4dfp/img_hist_4dfp.c
imglin/CKsub.f
imglin/dnormal.c
imglin/fimgsurf.f
imglin/ft4_resolve.f
imglin/gaussian.f
imglin/getjxy.f
imglin/grad_opt.f
imglin/imgsurf_4dfp.c
imglin/leaky_integrator.c
imglin/param12opr.f
imglin/stretch_out.c
imglin/stretchout.f
imglin/t4_factor.c
imglin/t4_ident.c
imglin/t4_inv.c
imglin/t4inv.f
imglin/t4_io.c
imglin/t4_io.h
imglin/t4_mul.c
imglin/t4_opr.c
imglin/t4_pts.c
imglin/t4_resolve.c
imglin/t4scale.c
imglin/t4_sub.f
imglin/t4_sub.h
imgmax_4dfp/imgmax_4dfp.c
imgreg_4dfp/basis_opt.c
imgreg_4dfp/fbasis_opt.f
imgreg_4dfp/ffind.f
imgreg_4dfp/fhesstest.f
imgreg_4dfp/fimgreg.f
imgreg_4dfp/hesstest.c
imgreg_4dfp/imgreg_4dfp.c
imgreg_4dfp/imgvalm.f
imgreg_4dfp/imgvalx.f
imgreg_nifti/ffind.f
imgreg_nifti/fimgreg.f
imgreg_nifti/imgreg_nifti.c
imgreg_nifti/imgvalm.f
imgreg_nifti/imgvaln.f
imgreg_nifti/imgvalx.f
imgreg_nifti/x4dfp2ecat.c
interp_4dfp/bandpass_4dfp.c
interp_4dfp/bandpass_test.c
interp_4dfp/butt1d.f
interp_4dfp/DC_trend_out.c
interp_4dfp/gap.c
interp_4dfp/interp_4dfp.c
interp_4dfp/low_pass.c
interp_4dfp/pbutt1dc.f
interp_4dfp/pbutt1d.f
interp_4dfp/splinec.c
interp_4dfp/spline.f
interp_4dfp/tremor_quant.c
jitter/jitter.c
JSSutil/gamma_test.c*
JSSutil/JSSnrutil.c
JSSutil/JSSstatistics.c
JSSutil/JSSstatistics.h
JSSutil/JSSutil.h
JSSutil/lin_algebra.c
JSSutil/random.c
librms/cgauss3d.c
librms/deconv.f
librms/deigen.f
librms/determ12.f
librms/dfftsol.f
librms/dfft_test.c
librms/dgeigen.c
librms/dmatinv.f
librms/dmatopr.f
librms/dsvdcmp0.c
librms/dsvdcmp0.h
librms/dsvdcmp_test.c
librms/eigen.f
librms/fft3d.f
librms/fftsol.f
librms/fft_test.c
librms/frmsmri.f
librms/gauss3d.f
librms/hipass3d.f
librms/imag2mask.c
librms/img2lmask.c
librms/img2lmask_test.c
librms/imgpad.f
librms/librms.h
librms/matopr.f
librms/npad.f
librms/param6opr.f
librms/polfit.f
maskimg_4dfp/mask_cubes_4dfp.c
maskimg_4dfp/maskimg_4dfp.c
mpetto4dfp/mpetto4dfp.c
mprtir/2Dhist_4dfp.c
mprtir/2Dhist.c
mprtir/2Dhist_map_4dfp.c
mprtir/fcm_4dfp.c
mprtir/fcmsub_4dfp.c
mprtir/fcmsub_4dfp.h
mprtir/fitgain3dd.f
mprtir/fitgain3d.f
mprtir/fnegdef.f
mprtir/partitiond_gfc_4dfp.c
mprtir/powsub.f
nifti_4dfp/4dfp-format.c
nifti_4dfp/4dfp-format.h
nifti_4dfp/common-format.c
nifti_4dfp/common-format.h
nifti_4dfp/mystdint.h
nifti_4dfp/nifti1.h
nifti_4dfp/nifti_4dfp.c
nifti_4dfp/nifti-format.c
nifti_4dfp/nifti-format.h
nifti_4dfp/parse_common.c
nifti_4dfp/parse_common.h
nifti_4dfp/split.c
nifti_4dfp/transform.c
nifti_4dfp/transform.h
nonlin/b2v4m.f
nonlin/cmplxfft3d.f
nonlin/fvfield.f
nonlin/iic.c
nonlin/imgval0.f
nonlin/inc.f
nonlin/lud.c
nonlin/morphc_4dfp.c
nonlin/piic.c
nonlin/util.f
normalize_4dfp/fnormalize.f
normalize_4dfp/img2hist.c
normalize_4dfp/normalize_4dfp.c
parzen_4dfp/imgpac.f
parzen_4dfp/mskpac.f
parzen_4dfp/parzen.f
paste_4dfp/paste_4dfp.c
peak_4dfp/3Dconv_4dfp.c
peak_4dfp/atl2index.c
peak_4dfp/burn_sphere_4dfp.c
peak_4dfp/embed_Csurf_patch_4dfp.c
peak_4dfp/index2atl.c
peak_4dfp/orig_to_Csurf_4dfp.c
peak_4dfp/peak_4dfp.c
peak_4dfp/read_4dfp.c
peak_4dfp/vtx2real.c
peak_4dfp/wfile_io.c
peak_4dfp/wfile_io_test.c
peakchk/peakchk.f
perceptron_4dfp/perceptron_4dfp.c
perceptron_4dfp/perceptron_out_4dfp.c
perfusion_4dfp/perfusion_4dfp.c
permute/permute.c
permute/permuteN.c
pet_4dfp/residual_4dfp.c
pet_4dfp/trio2oem_4dfp.c
qnt_4dfp/ICA_test.c
qnt_4dfp/qnt_4dfp.c
qnt_4dfp/qntm_4dfp.c
qnt_4dfp/qntv_4dfp.c
qnt_4dfp/qntw_4dfp.c
reindex_4dfp/reindex_4dfp.c
rmspike_4dfp/frmspike.f
rmspike_4dfp/rmspike_4dfp.c
S2T_4dfp/C2T_4dfp.c
S2T_4dfp/reorder.f
S2T_4dfp/S2T_4dfp.c
S2T_4dfp/T2C_4dfp.c
S2T_4dfp/T2S_4dfp.c
scale_4dfp/enhance_4dfp.c
scale_4dfp/scale_4dfp.c
sqrt_4dfp/bertulani_betai.c
sqrt_4dfp/rho2z_4dfp.c
sqrt_4dfp/sqrt_4dfp.c
sqrt_4dfp/statsub.c
sqrt_4dfp/t2z_4dfp.c
sqrt_4dfp/z2logp_4dfp.c
sum_pet_4dfp/sum_pet_4dfp.c
t4_actmapf_4dfp/ft4ixyz.f
t4_actmapf_4dfp/t4_xr3d_4dfp.c
t4imgs_4dfp/cvrtflip.c
t4imgs_4dfp/ft4imgn.f
t4imgs_4dfp/ft4imgo.f
t4imgs_4dfp/NaN_test.c
t4imgs_4dfp/set_rnan.f
t4imgs_4dfp/t4imgs_4dfp.c
t4imgs_4dfp/to_711-2B.f
tgrid/get_radius.c
tgrid/scanset.c
tgrid/tend.c
tgrid/tracker5.c
TRX/4dfptoascii.c
TRX/ANALYZE.h
TRX/asciito4dfp.c
TRX/calloc_subs.c
TRX/calloc_subs.h
TRX/endian_4dfp.c
TRX/endianio.c
TRX/endianio.h
TRX/etadeta.f
TRX/fimgetae.f
TRX/fimgeta.f
TRX/fomega.f
TRX/Getifh.c
TRX/Getifh.h
TRX/ifh2hdr.c
TRX/ifh.h
TRX/Inithdr.c
TRX/rec.c
TRX/rec.h
TRX/spline23dvgh.h
TRX/spline23dvgh_test.c
TRX/spline2dvgh.f
TRX/spline3dvgh.f
TRX/test_rec.c
TRX/twoecal.f
var_4dfp/dvar_4dfp.c
var_4dfp/set_undefined_4dfp.c
var_4dfp/var_4dfp.c
vto4dfp/fourier.c
vto4dfp/js_nrutil.c
vto4dfp/util.h
vto4dfp/vto4dfp.c
wrpsmg_4dfp/wrpsmg_4dfp.c
zero_lt_4dfp/zero_gt_4dfp.c
zero_lt_4dfp/zero_gtlt_4dfp.c
zero_lt_4dfp/zero_lt_4dfp.c
zero_lt_4dfp/zero_ltgt_4dfp.c
