-r--r----- avi/program    8745 2007-05-04 00:11 4dfptoanalyze/4dfptoanalyze.c
-r--r--r-- coalsont/wheel 8097 2010-10-25 14:39 4dfp_to_PAL/4dfp_to_PAL.c
-rw-rw---- avi/wheel     14226 2016-02-11 19:00 actmapf_4dfp/actmapf_4dfp.c
-rw-rw---- avi/wheel      7488 2016-02-14 00:37 actmapf_4dfp/compute_defined_4dfp.c
-rw-rw---- avi/program   12547 2014-08-23 00:30 actmapf_4dfp/conc.c
-r--r----- avi/program    1902 2011-04-12 17:22 actmapf_4dfp/conc.h
-rw-rw---- avi/program    5176 2014-08-23 00:29 actmapf_4dfp/conc_test.c
-rw-rw---- avi/program    5186 2013-10-17 20:38 actmapf_4dfp/condense.c
-rw-rw---- avi/program   10104 2008-07-21 22:49 actmapf_4dfp/covariance_analysis.c
-rw-rw---- avi/wheel     29878 2016-02-11 17:55 actmapf_4dfp/covariance.c
-r--r----- avi/program    2014 2008-11-25 20:07 actmapf_4dfp/dglm_4dfp.f
-rw-rw---- avi/wheel      4944 2016-06-11 19:07 actmapf_4dfp/expandf.c
-r--r----- avi/program    6675 2008-09-13 21:47 actmapf_4dfp/fGC.f
-r--r----- avi/wheel      3670 2016-12-06 20:23 actmapf_4dfp/format2lst.c
-rw-rw---- avi/program   19175 2007-08-17 23:57 actmapf_4dfp/GC_4dfp.c
-rw-rw---- avi/program   16064 2007-08-05 23:21 actmapf_4dfp/GC_dat.c
-rw-rw---- avi/wheel     26864 2016-02-11 20:35 actmapf_4dfp/glm_4dfp.c
-rw-rw---- avi/wheel     23498 2015-07-03 21:39 actmapf_4dfp/glmB_4dfp.c
-rw-rw---- avi/program   15435 2011-09-14 21:28 actmapf_4dfp/LDA.c
-rw-rw---- avi/program    5979 2011-01-15 20:52 actmapf_4dfp/LOWESS.c
-rw-rw---- avi/program   13007 2013-06-28 22:31 actmapf_4dfp/mat_algebra.c
-rw-rw---- avi/program    7809 2011-03-01 17:08 actmapf_4dfp/svd_4dfp.c
-r--r----- avi/wheel     15834 2012-04-23 14:27 aff_conv/aff_conv.c
-rw-r--r-- avi/wheel      1063 2016-06-05 23:01 algebra_4dfp/complex_test.c
-r--r--r-- avi/wheel      1055 2016-06-05 23:46 algebra_4dfp/dft_test.f
-r--r----- avi/program    3771 2013-12-22 21:05 algebra_4dfp/generate_rand_4dfp.c
-r--r----- avi/program   12821 2010-12-22 20:44 algebra_4dfp/imgopr_4dfp.c
-rw-rw-r-- avi/wheel      8702 2016-08-29 22:08 algebra_4dfp/interp_lag_SE.c
-r--r----- avi/wheel      9442 2016-06-02 00:40 algebra_4dfp/interp_lag_test.c
-r--r----- avi/program   10703 2010-12-31 18:53 algebra_4dfp/RFX_4dfp.c
-r--r----- avi/program    9134 2013-05-02 19:09 algebra_4dfp/ROI_resolve_4dfp.c
-r--r--r-- avi/program    7412 2014-08-09 17:26 algebra_4dfp/ROI_resolve_multivol_4dfp.c
-rw-r--r-- avi/wheel     23805 2016-06-16 03:04 algebra_4dfp/simulate_test.c
-rw-r----- avi/wheel     23162 2016-10-14 00:41 algebra_4dfp/simulate_test_lag.c
-r--r----- avi/program    6247 2012-06-07 18:00 algebra_4dfp/spatial_corr_4dfp.c
-r--r--r-- avi/wheel     10611 2015-12-09 13:34 algebra_4dfp/spatial_cov_multivol_4dfp.c
-r--r----- avi/wheel      1743 2016-06-12 03:42 algebra_4dfp/zpz_test.f
-r--r----- avi/program   10723 2009-03-17 23:01 analyzeto4dfp/analyzeto4dfp.c
-r--r----- avi/program    3062 2007-09-21 18:32 analyzeto4dfp/hdr2txt.c
-r--r----- avi/program   16425 2013-06-30 00:06 cluster_4dfp/cluster_4dfp.c
-r--r--r-- avi/wheel      6439 2016-04-01 22:21 cluster_4dfp/extend_fast_4dfp.c
-r--r----- avi/program    5761 2007-09-18 21:01 collate_slice_4dfp/collate_slice_4dfp.c
-r--r----- avi/program   10251 2010-11-11 23:54 crop_4dfp/crop_4dfp.c
-r--r----- avi/program     993 2010-08-19 23:43 crop_4dfp/fzero_slice.f
-r--r----- avi/program    7641 2010-08-20 18:21 crop_4dfp/zero_slice_4dfp.c
-r--r----- avi/program    1774 2007-08-07 19:28 cross_realign3d_4dfp/alignmrixyz.f
-r--r----- avi/wheel     28256 2015-12-31 16:49 cross_realign3d_4dfp/cross_realign3d_4dfp.c
-r--r----- avi/program   20882 2011-08-31 20:55 cross_realign3d_4dfp/frmsfmri.f
-r--r----- avi/program     953 2006-09-28 16:45 cross_realign3d_4dfp/gauss2diz.c
-r--r----- avi/program    1564 2013-02-13 21:02 cross_realign3d_4dfp/gauss3diz.c
-r--r----- avi/program    2380 2007-08-07 19:34 cross_realign3d_4dfp/imgvalsixyz.f
-r--r----- avi/wheel     16555 2016-10-31 17:27 cross_realign3d_4dfp/mat2dat.c
-rw-r----- avi/wheel      9294 2016-01-04 02:10 cross_realign3d_4dfp/RT_realign3d_4dfp.c
-r--r----- avi/program    8197 2009-07-02 19:58 cross_realign3d_4dfp/splinexyz.f
-r--r----- avi/program    5003 2010-08-28 22:54 cs2ap_4dfp/cs2ap_4dfp.c
-r--r----- avi/program    7360 2011-05-10 19:16 cs2ap_4dfp/read_triangle_surf.c
-r--r----- avi/program   13339 2008-07-22 08:56 dcm_dump_file/condition.c
-r--r----- avi/program    5404 2008-07-22 08:56 dcm_dump_file/ctnthread.c
-r--r----- avi/program  204709 2013-06-06 23:41 dcm_dump_file/dcm.c
-r--r----- avi/program    7056 2012-12-04 19:46 dcm_dump_file/dcmcond.c
-r--r----- avi/program  125003 2008-07-22 08:56 dcm_dump_file/dcmdict.c
-r--r----- avi/program    7459 2012-12-04 19:45 dcm_dump_file/dcm_dump_file.c
-r--r----- avi/program    6188 2008-07-22 08:56 dcm_dump_file/dcmsupport.c
-r--r----- avi/program   14346 2008-07-22 08:56 dcm_dump_file/lst.c
-r--r----- avi/program   22948 2012-12-04 19:45 dcm_dump_file/utility.c
-r--r--r-- jon/program   13339 2016-12-09 10:32 dcm_pet/condition.c
-rw-r--r-- jon/program    5620 2016-12-09 10:34 dcm_pet/config.h
-r--r--r-- jon/program    5404 2016-12-09 10:32 dcm_pet/ctnthread.c
-r--r--r-- jon/program  207699 2016-12-09 11:02 dcm_pet/dcm.c
-r--r--r-- jon/program    6766 2016-12-09 11:07 dcm_pet/dcmcond.c
-r--r--r-- jon/program  125003 2016-12-09 10:32 dcm_pet/dcmdict.c
-r--r--r-- jon/program   97812 2016-12-09 11:58 dcm_pet/dcm_pet.c
-r--r--r-- jon/program    6188 2016-12-09 10:32 dcm_pet/dcmsupport.c
-r--r--r-- jon/program   14346 2016-12-09 10:32 dcm_pet/lst.c
-r--r--r-- jon/program    5332 2016-12-09 11:05 dcm_pet/pixel_ops.c
-r--r--r-- jon/program  103203 2016-12-09 10:32 dcm_pet/sequences.c
-r--r--r-- jon/program    4119 2016-12-09 10:32 dcm_pet/sqcond.c
-r--r--r-- jon/program   22799 2016-12-09 10:32 dcm_pet/utility.c
-r--r----- avi/program   11521 2009-02-21 20:33 deband_4dfp/deband_4dfp.c
-r--r----- avi/program    3920 2009-02-21 20:18 deband_4dfp/debandg.f
-r--r----- avi/program    3376 2009-02-21 20:17 deband_4dfp/fdeband.f
-r--r----- shimonyj/wheel 4831 2016-04-09 19:01 diff4dfp/affine_DTrot.c
-rw-rw-r-- avi/program   15940 2016-04-09 19:01 diff4dfp/contour.c
-rw-r----- shimonyj/wheel 37360 2016-04-09 19:01 diff4dfp/diff_4dfp.c
-r--r----- avi/program    13371 2010-06-16 18:51 diff4dfp/diffRGB_4dfp.c
-r--r----- shimonyj/wheel 17890 2016-04-09 19:01 diff4dfp/dtensor.c
-rw-rw-r-- avi/program    38434 2016-04-09 19:01 diff4dfp/feat.c
-rw-rw-r-- avi/program    14088 2016-04-09 19:01 diff4dfp/fuzzy.c
-r--r----- avi/program     3104 2012-06-14 20:31 diff4dfp/get_dti_params.c
-rw-rw-r-- avi/program     6438 2010-07-02 17:58 diff4dfp/knee.h
-rw-rw-r-- avi/program    26557 2016-04-09 19:01 diff4dfp/morph.c
-r--r--r-- shimonyj/wheel 29551 2016-04-09 19:01 diff4dfp/nonlinear.c
-r--r----- shimonyj/wheel  2139 2016-04-09 19:01 diff4dfp/t4tolin.c
-r--r--r-- shimonyj/wheel 11470 2016-04-09 19:01 diff4dfp/whisker_4dfp.c
-r--r----- avi/program    21603 2009-07-14 13:53 dwi_xalign_4dfp/dwi_cross_xalign3d_4dfp.c
-r--r----- avi/program    24666 2013-09-09 16:11 dwi_xalign_4dfp/dwi_xalign3d_4dfp.c
-rwxrwxrwx larsc/wheel     9100 2010-08-30 12:51 ecat/analyze.c
-rwxrwxrwx larsc/wheel     4219 2010-08-30 12:51 ecat/analyze.h
-rwxrwxrwx larsc/wheel    10589 2010-08-30 12:51 ecat/convert_64.c
-rwxrwxrwx larsc/wheel    10656 2010-08-30 12:51 ecat/convert_70.c
-rwxrwxrwx larsc/wheel      216 2010-08-30 12:51 ecat/crash.c
-rw-r--r-- larsc/wheel    20701 2011-01-05 11:30 ecat/ecat_header.c
-rw-r--r-- larsc/wheel      759 2010-09-08 08:58 ecat/ecat_header.h
-r--r--r-- larsc/wheel     7028 2011-08-31 11:26 ecat/ecatto4dfp.c
-rwxrwxrwx larsc/wheel    26765 2010-08-30 12:51 ecat/interfile.c
-rwxrwxrwx larsc/wheel     3452 2010-08-30 12:51 ecat/interfile.h
-rwxrwxrwx larsc/wheel     1408 2010-08-30 12:51 ecat/isotope_info.h
-rwxrwxrwx larsc/wheel     6573 2010-08-30 12:51 ecat/load_volume7.c
-rwxrwxrwx larsc/wheel    13493 2010-08-30 12:51 ecat/load_volume.h
-rwxrwxrwx larsc/wheel     9321 2010-08-30 12:51 ecat/machine_indep.c
-rwxrwxrwx larsc/wheel     1487 2010-08-30 12:51 ecat/machine_indep.h
-rwxrwxrwx larsc/wheel    18504 2010-08-30 12:51 ecat/matrix_64.c
-rwxrwxrwx larsc/wheel     3563 2010-08-30 12:51 ecat/matrix_64.h
-rwxrwxrwx larsc/wheel    42795 2010-08-30 12:51 ecat/matrix.c
-rwxrwxrwx larsc/wheel    44254 2010-08-30 12:51 ecat/matrix_extra.c
-rwxrwxrwx larsc/wheel    17270 2010-08-30 12:51 ecat/matrix.h
-rwxrwxrwx larsc/wheel    10201 2010-08-30 12:51 ecat/matrix_slice.c
-rwxrwxrwx larsc/wheel    21125 2010-08-30 12:51 ecat/matrix_xdr.c
-rwxrwxrwx larsc/wheel     9347 2010-08-30 12:51 ecat/matrix_xdr.h
-rwxrwxrwx larsc/wheel      962 2010-08-30 12:51 ecat/num_sort.c
-rwxrwxrwx larsc/wheel      423 2010-08-30 12:51 ecat/num_sort.h
-rwxrwxrwx larsc/wheel     1225 2010-08-30 12:51 ecat/rfa_xdr.c
-rwxrwxrwx larsc/wheel     1307 2010-08-30 12:51 ecat/rfa_xdr.h
-rwxrwxrwx larsc/wheel     5602 2010-08-30 12:51 ecat/rts_cmd.c
-rwxrwxrwx larsc/wheel     5101 2010-08-30 12:51 ecat/save_volume7.c
-rwxrwxrwx larsc/wheel     2169 2010-08-30 12:51 ecat/sino_dets.c
-r--r----- avi/program     1975 2007-04-25 01:02 flip_4dfp/cflip.c
-r--r----- avi/program     4618 2007-05-03 20:37 flip_4dfp/flip_4dfp.c
-r--r----- avi/program      431 2010-08-19 18:33 flip_4dfp/flip_4dfp.h
-r--r----- avi/program     9778 2014-04-12 00:35 frame_align/frame_align_4dfp.c
-r--r----- avi/program     1911 1998-01-22 16:54 frame_align/rfft1d.c
-r--r----- avi/program      691 2012-08-10 18:34 frame_align/slice_sequence.c
-r--r----- avi/program     3006 2007-05-03 21:59 gauss_4dfp/cgauss3dd.c
-r--r----- avi/program     8429 2007-05-03 21:28 gauss_4dfp/gauss_4dfp.c
-r--r----- avi/program     3905 2007-04-17 01:26 gauss_4dfp/hsphere3d.f
-r--r----- avi/program     4514 2007-04-17 01:31 gauss_4dfp/hsphere_4dfp.c
-rw-rw---- avi/program     3531 2013-09-24 22:07 gauss_4dfp/modelf.c
-r--r----- avi/program     7062 2013-10-06 18:29 gauss_4dfp/RSNs_fft_4dfp.c
-rw-r--r-- avi/program    11155 2013-09-24 21:51 gauss_4dfp/surrogate_RSNs_4dfp.c
-r--r--r-- avi/wheel       4424 2015-07-05 18:24 imato4dfp2/splitE_4dfp.c
-r--r--r-- avi/wheel       9101 2016-04-11 23:02 imato4dfp2/unpack_4dfp.c
-r--r----- avi/program     1882 2003-02-15 23:14 imato4dfp2/unpack.f
-r--r----- avi/program     2916 2007-09-21 17:17 img2msk_4dfp/fimg2msk.f
-r--r----- avi/program     4292 2007-03-02 01:39 img2msk_4dfp/img2msk_4dfp.c
-r--r----- avi/program     3847 2013-05-30 22:42 imgblur_4dfp/fimgblur.f
-r--r----- avi/program     5530 2009-07-17 20:30 imgblur_4dfp/imgblur_4dfp.c
-r--r----- avi/program     5526 2006-09-23 16:58 img_hist_4dfp/fimg_mode.c
-r--r----- avi/program    14294 2011-01-09 23:09 img_hist_4dfp/img_hist_4dfp.c
-r--r----- avi/program    11121 1999-10-17 21:06 imglin/CKsub.f
-r--r----- avi/program      793 2007-03-27 00:55 imglin/dnormal.c
-r--r----- avi/program     1232 2007-09-04 23:02 imglin/fimgsurf.f
-r--r----- avi/program     9571 2009-09-09 00:52 imglin/ft4_resolve.f
-r--r--r-- avi/program     1349 2012-09-17 18:17 imglin/gaussian.f
-rw-rw---- avi/program     3563 2000-02-10 23:24 imglin/getjxy.f
-r--r----- avi/program     2966 2007-09-04 23:03 imglin/grad_opt.f
-r--r----- avi/program     6760 2010-08-11 02:21 imglin/imgsurf_4dfp.c
-rw-r----- avi/program     2155 2012-09-17 17:58 imglin/leaky_integrator.c
-r--r----- avi/program     7463 2009-02-23 00:14 imglin/param12opr.f
-r--r----- avi/program     2951 2010-03-02 19:27 imglin/stretch_out.c
-r--r----- avi/program      663 2010-03-02 19:28 imglin/stretchout.f
-r--r----- avi/program     3114 2009-02-23 00:15 imglin/t4_factor.c
-r--r----- avi/program     2213 2007-04-30 22:01 imglin/t4_ident.c
-r--r----- avi/program     4605 2007-05-01 17:58 imglin/t4_inv.c
-r--r----- avi/program      631 2007-04-30 21:19 imglin/t4inv.f
-r--r----- avi/program     2344 2010-03-02 19:26 imglin/t4_io.c
-r--r----- avi/program      496 2010-03-02 19:25 imglin/t4_io.h
-r--r----- avi/program     4913 2007-04-30 13:55 imglin/t4_mul.c
-r--r----- avi/program     7298 2010-02-18 20:06 imglin/t4_opr.c
-r--r----- avi/program     3306 2010-02-18 19:51 imglin/t4_pts.c
-r--r----- avi/program     9510 2013-09-11 19:31 imglin/t4_resolve.c
-r--r----- avi/program      699 2007-05-03 21:35 imglin/t4scale.c
-r--r----- avi/program    11613 2009-02-17 17:15 imglin/t4_sub.f
-r--r----- avi/program      376 2009-09-09 00:53 imglin/t4_sub.h
-r--r----- avi/wheel       5089 2015-07-02 21:35 imgmax_4dfp/imgmax_4dfp.c
-r--r----- avi/wheel      16503 2015-11-14 00:14 imgreg_4dfp/basis_opt.c
-r--r----- avi/program     8607 2012-07-31 19:52 imgreg_4dfp/fbasis_opt.f
-r--r----- avi/program     1879 2007-04-25 01:18 imgreg_4dfp/ffind.f
-rw-rw-r-- avi/program     5155 2012-06-13 21:31 imgreg_4dfp/fhesstest.f
-r--r----- avi/wheel      16323 2015-11-14 00:14 imgreg_4dfp/fimgreg.f
-rw-r--r-- avi/program     2501 2012-07-28 18:27 imgreg_4dfp/hesstest.c
-r--r----- avi/program     8168 2008-05-13 01:03 imgreg_4dfp/imgreg_4dfp.c
-r--r----- avi/program     3705 1998-12-24 01:22 imgreg_4dfp/imgvalm.f
-r--r----- avi/program     9043 2007-04-25 01:16 imgreg_4dfp/imgvalx.f
-r--r--r-- coalsont/wheel  1953 2010-08-11 15:05 imgreg_nifti/ffind.f
-r--r--r-- coalsont/wheel 16255 2010-08-11 15:05 imgreg_nifti/fimgreg.f
-r--r--r-- coalsont/wheel 12989 2010-08-11 15:05 imgreg_nifti/imgreg_nifti.c
-r--r--r-- coalsont/wheel  3778 2010-08-11 15:05 imgreg_nifti/imgvalm.f
-rw-r--r-- coalsont/wheel   901 2004-08-05 16:45 imgreg_nifti/imgvaln.f
-r--r--r-- coalsont/wheel  9116 2010-08-11 15:05 imgreg_nifti/imgvalx.f
-rw-r--r-- coalsont/wheel   306 2000-03-28 22:03 imgreg_nifti/x4dfp2ecat.c
-r--r--r-- avi/wheel      17785 2015-05-29 20:39 interp_4dfp/bandpass_4dfp.c
-r--r--r-- avi/program     8134 2012-04-16 18:42 interp_4dfp/bandpass_test.c
-r--r----- avi/program     5684 2013-02-05 17:18 interp_4dfp/butt1d.f
-rw-rw-r-- avi/program      531 2007-01-29 17:37 interp_4dfp/DC_trend_out.c
-r--r----- avi/wheel       4265 2016-10-03 00:19 interp_4dfp/gap.c
-r--r----- avi/program     8807 2008-07-18 23:31 interp_4dfp/interp_4dfp.c
-r--r----- avi/wheel       1660 2016-10-30 23:35 interp_4dfp/low_pass.c
-r--r----- avi/program     3083 2012-04-16 18:37 interp_4dfp/pbutt1dc.f
-r--r----- avi/program     5421 2011-02-06 02:28 interp_4dfp/pbutt1d.f
-r--r----- avi/wheel       3412 2016-10-03 19:16 interp_4dfp/splinec.c
-r--r----- avi/program     2631 2007-11-20 01:03 interp_4dfp/spline.f
-r--r--r-- avi/wheel       9987 2016-12-08 23:09 interp_4dfp/tremor_quant.c
-r--r----- avi/program     7756 2014-01-03 21:28 jitter/jitter.c
-r--r----- shimonyj/wheel  5661 2007-08-27 22:52 JSSutil/JSSnrutil.c
-r--r--r-- shimonyj/wheel  8277 2009-02-18 18:58 JSSutil/JSSstatistics.c
-r--r--r-- shimonyj/wheel  1602 2008-12-29 21:37 JSSutil/JSSstatistics.h
-r--r----- shimonyj/wheel  3189 2008-11-10 17:42 JSSutil/JSSutil.h
-r--r----- avi/program    10104 2012-02-22 17:05 JSSutil/lin_algebra.c
-r--r----- shimonyj/wheel  1776 2007-09-03 12:46 JSSutil/random.c
-r--r----- avi/program     3061 2007-05-03 21:09 librms/cgauss3d.c
-r--r----- avi/program     2191 2007-09-18 17:53 librms/deconv.f
-r--r----- avi/program     3996 2008-03-17 13:05 librms/deigen.f
-r--r----- avi/program      433 2007-06-19 18:35 librms/determ12.f
-r--r----- avi/program    21923 2013-09-14 21:50 librms/dfftsol.f
-rw-r--r-- avi/program     2889 2009-03-15 21:42 librms/dfft_test.c
-r--r----- avi/program     2588 2011-08-29 22:43 librms/dgeigen.c
-r--r----- avi/program     3761 2011-01-18 22:55 librms/dmatinv.f
-r--r----- avi/program     1416 2009-01-19 19:01 librms/dmatopr.f
-r--r----- avi/program     8456 2013-01-19 23:52 librms/dsvdcmp0.c
-r--r----- avi/program      655 2012-11-26 01:16 librms/dsvdcmp0.h
-rw-r----- avi/program    10290 2013-01-19 23:30 librms/dsvdcmp_test.c
-r--r----- avi/program     2953 2007-04-21 17:18 librms/eigen.f
-r--r--r-- avi/program     1152 2013-09-15 22:05 librms/fft3d.f
-r--r----- avi/program    21800 2013-09-14 21:49 librms/fftsol.f
-rw-r----- avi/program     2590 2014-09-30 21:37 librms/fft_test.c
-r--r----- avi/program    18785 2009-02-24 19:04 librms/frmsmri.f
-r--r----- avi/program     3500 2007-04-11 01:19 librms/gauss3d.f
-r--r----- avi/program     2978 1998-04-15 21:57 librms/hipass3d.f
-r--r----- avi/program     1653 2007-09-18 18:20 librms/imag2mask.c
-r--r----- avi/program     1561 2007-04-11 02:40 librms/img2lmask.c
-rw-rw---- avi/program      941 2007-04-11 02:16 librms/img2lmask_test.c
-r--r----- avi/program     2714 2007-04-11 01:16 librms/imgpad.f
-r--r----- avi/wheel       3679 2016-05-22 19:40 librms/librms.h
-r--r----- avi/program     3899 2014-05-19 02:01 librms/matopr.f
-r--r----- avi/wheel        500 2016-03-15 20:50 librms/npad.f
-r--r----- avi/program     4749 2007-04-17 01:35 librms/param6opr.f
-r--r----- avi/program     2754 1998-04-15 21:57 librms/polfit.f
-r--r--r-- avi/wheel       4939 2015-12-11 23:37 maskimg_4dfp/mask_cubes_4dfp.c
-r--r----- avi/program     7905 2012-06-27 17:32 maskimg_4dfp/maskimg_4dfp.c
-r--r----- avi/program    21703 2011-08-06 22:59 mpetto4dfp/mpetto4dfp.c
-rw-r----- avi/program    11904 2012-02-10 19:41 mprtir/2Dhist_4dfp.c
-r--r----- avi/program    12620 2007-08-08 18:22 mprtir/2Dhist.c
-rw-rw---- larsc/wheel     6278 2010-11-16 14:14 mprtir/2Dhist_map_4dfp.c
-rw-r----- larsc/wheel     7156 2010-11-12 12:05 mprtir/fcm_4dfp.c
-rw-r----- larsc/wheel     6534 2010-11-12 12:05 mprtir/fcmsub_4dfp.c
-rw-r----- larsc/wheel     1583 2010-10-15 14:55 mprtir/fcmsub_4dfp.h
-r--r----- avi/program     6977 2008-01-01 19:17 mprtir/fitgain3dd.f
-r--r----- avi/program     5641 2008-01-01 19:18 mprtir/fitgain3d.f
-r--r----- avi/program      874 1999-12-02 01:54 mprtir/fnegdef.f
-r--r----- avi/program    25440 2011-11-09 02:03 mprtir/partitiond_gfc_4dfp.c
-r--r----- avi/program     3386 2010-11-29 00:34 mprtir/powsub.f
-r--r----- avi/wheel      23243 2013-01-11 00:38 nifti_4dfp/4dfp-format.c
-r--r----- avi/wheel        847 2012-04-23 13:05 nifti_4dfp/4dfp-format.h
-r--r----- avi/wheel       4375 2012-09-07 20:05 nifti_4dfp/common-format.c
-r--r----- avi/wheel       3269 2012-04-23 13:05 nifti_4dfp/common-format.h
-r--r----- avi/wheel       1049 2012-04-23 13:05 nifti_4dfp/mystdint.h
-r--r----- avi/wheel      70273 2012-04-23 13:05 nifti_4dfp/nifti1.h
-r--r----- avi/wheel       4937 2012-04-23 13:05 nifti_4dfp/nifti_4dfp.c
-r--r----- avi/wheel      28352 2012-04-23 13:05 nifti_4dfp/nifti-format.c
-r--r----- avi/wheel       1336 2012-04-23 13:05 nifti_4dfp/nifti-format.h
-r--r----- avi/wheel        285 2012-04-23 13:05 nifti_4dfp/parse_common.c
-r--r----- avi/wheel        120 2012-04-23 13:05 nifti_4dfp/parse_common.h
-r--r----- avi/wheel        960 2012-04-23 13:05 nifti_4dfp/split.c
-r--r----- avi/wheel       9062 2012-09-07 20:07 nifti_4dfp/transform.c
-r--r----- avi/wheel       1328 2012-04-23 13:05 nifti_4dfp/transform.h
-r--r----- avi/program     6676 2007-07-03 23:02 nonlin/b2v4m.f
-r--r----- avi/program     1325 2004-10-15 14:51 nonlin/cmplxfft3d.f
-r--r----- avi/program     4194 2004-10-14 18:46 nonlin/fvfield.f
-r--r----- avi/program    17307 2004-10-28 16:56 nonlin/iic.c
-r--r----- avi/program     2865 2004-10-14 19:00 nonlin/imgval0.f
-r--r----- avi/program     5843 2004-11-01 14:43 nonlin/inc.f
-r--r----- avi/program     2029 2007-02-13 01:12 nonlin/lud.c
-r--r----- avi/program    26489 2007-07-03 23:26 nonlin/morphc_4dfp.c
-r--r----- avi/program     6296 2004-11-03 14:48 nonlin/piic.c
-rw-rw---- avi/program     5527 2004-10-13 14:41 nonlin/util.f
-r--r----- avi/program     4471 1999-03-23 18:22 normalize_4dfp/fnormalize.f
-r--r----- avi/program     1906 2006-09-29 12:08 normalize_4dfp/img2hist.c
-r--r----- avi/program    13110 2011-01-27 22:00 normalize_4dfp/normalize_4dfp.c
-r--r----- avi/program      990 2007-07-03 22:23 parzen_4dfp/imgpac.f
-r--r----- avi/program      844 2007-07-03 22:01 parzen_4dfp/mskpac.f
-r--r----- avi/program     3260 2007-07-03 22:11 parzen_4dfp/parzen.f
-r--r----- avi/program     9739 2014-08-23 01:04 paste_4dfp/paste_4dfp.c
-rw-rw-r-- avi/program     4399 2013-08-03 01:03 peak_4dfp/3Dconv_4dfp.c
-r--r----- avi/program     5291 2013-12-19 16:43 peak_4dfp/atl2index.c
-r--r----- avi/program    11497 2010-11-08 17:52 peak_4dfp/burn_sphere_4dfp.c
-r--r--r-- avi/program    18251 2013-10-04 18:01 peak_4dfp/embed_Csurf_patch_4dfp.c
-r--r----- avi/program     5190 2013-12-19 16:42 peak_4dfp/index2atl.c
-r--r--r-- avi/program     9441 2013-09-23 17:26 peak_4dfp/orig_to_Csurf_4dfp.c
-r--r----- avi/program    22103 2012-03-30 18:10 peak_4dfp/peak_4dfp.c
-r--r----- avi/program     3924 2010-08-17 23:23 peak_4dfp/read_4dfp.c
-r--r--r-- avi/program     3788 2011-05-08 21:58 peak_4dfp/vtx2real.c
-rw-rw---- avi/program     4061 2013-08-07 23:49 peak_4dfp/wfile_io.c
-rw-rw---- avi/program     1154 2013-08-07 23:49 peak_4dfp/wfile_io_test.c
-rw-r----- jon/wheel       8680 2011-06-29 15:34 peakchk/peakchk.f
-r--r--r-- avi/program    17418 2011-08-05 22:22 perceptron_4dfp/perceptron_4dfp.c
-r--r--r-- avi/program     6594 2011-08-09 00:31 perceptron_4dfp/perceptron_out_4dfp.c
-rw-r--r-- shimonyj/wheel 56234 2015-03-03 15:39 perfusion_4dfp/perfusion_4dfp.c
-r--r----- avi/program     1627 2010-03-16 18:30 permute/permute.c
-r--r----- avi/program     1732 2010-03-16 22:52 permute/permuteN.c
-r--r----- larsc/wheel     6043 2013-11-21 14:48 pet_4dfp/residual_4dfp.c
-r--r----- larsc/wheel     7072 2013-11-21 14:47 pet_4dfp/trio2oem_4dfp.c
-rw-r----- avi/program    15050 2013-01-21 19:39 qnt_4dfp/ICA_test.c
-r--r----- avi/wheel      12170 2016-02-17 19:26 qnt_4dfp/qnt_4dfp.c
-r--r--r-- avi/wheel      11052 2016-04-20 19:51 qnt_4dfp/qntm_4dfp.c
-r--r--r-- avi/wheel      20046 2015-05-31 18:42 qnt_4dfp/qntv_4dfp.c
-r--r----- avi/program     7595 2011-04-19 18:54 qnt_4dfp/qntw_4dfp.c
-r--r----- avi/program     7557 2010-03-30 20:33 reindex_4dfp/reindex_4dfp.c
-r--r----- avi/program     1729 1997-05-16 19:54 rmspike_4dfp/frmspike.f
-r--r----- avi/program     9683 2007-04-10 21:55 rmspike_4dfp/rmspike_4dfp.c
-r--r----- avi/program     4852 2010-09-14 10:59 S2T_4dfp/C2T_4dfp.c
-r--r----- avi/program     1061 2004-03-11 01:47 S2T_4dfp/reorder.f
-r--r----- avi/program     4830 2007-08-31 00:01 S2T_4dfp/S2T_4dfp.c
-r--r----- avi/program     4594 2007-08-31 00:10 S2T_4dfp/T2C_4dfp.c
-r--r----- avi/program     4655 2007-08-31 00:16 S2T_4dfp/T2S_4dfp.c
-r--r--r-- avi/wheel       4271 2015-05-06 01:58 scale_4dfp/enhance_4dfp.c
-r--r----- avi/program     7292 2007-07-05 01:03 scale_4dfp/scale_4dfp.c
-r--r----- avi/program     3897 2006-09-24 19:33 sqrt_4dfp/bertulani_betai.c
-r--r----- avi/program     5381 2010-12-22 21:41 sqrt_4dfp/rho2z_4dfp.c
-r--r----- avi/program     4869 2008-03-13 21:25 sqrt_4dfp/sqrt_4dfp.c
-r--r----- avi/wheel       6096 2014-11-29 02:01 sqrt_4dfp/statsub.c
-r--r----- avi/program     7157 2009-01-13 21:34 sqrt_4dfp/t2z_4dfp.c
-r--r----- avi/program     5685 2010-01-31 01:49 sqrt_4dfp/z2logp_4dfp.c
-r-xr--r-- jon/wheel      10412 2013-06-25 08:34 sum_pet_4dfp/sum_pet_4dfp.c
-r--r----- avi/program     3022 2007-04-29 01:24 t4_actmapf_4dfp/ft4ixyz.f
-r--r----- avi/program    13295 2007-09-19 22:12 t4_actmapf_4dfp/t4_xr3d_4dfp.c
-r--r----- avi/program      924 2007-09-22 21:53 t4imgs_4dfp/cvrtflip.c
-r--r----- avi/program     2204 2007-04-29 01:16 t4imgs_4dfp/ft4imgn.f
-r--r----- avi/program     1984 2007-04-29 01:14 t4imgs_4dfp/ft4imgo.f
-rw-rw---- avi/program      817 2010-12-22 21:21 t4imgs_4dfp/NaN_test.c
-r--r----- avi/program       90 2007-04-29 01:15 t4imgs_4dfp/set_rnan.f
-r--r----- avi/wheel      23300 2015-11-02 21:50 t4imgs_4dfp/t4imgs_4dfp.c
-r--r----- avi/program      711 2007-04-29 01:15 t4imgs_4dfp/to_711-2B.f
-r--r----- shimonyj/wheel  1891 2005-11-03 00:22 tgrid/get_radius.c
-r--r----- shimonyj/wheel   995 2006-03-31 01:27 tgrid/scanset.c
-r--r----- shimonyj/wheel  6583 2007-09-03 22:07 tgrid/tend.c
-r--r----- shimonyj/wheel 55920 2009-03-09 18:29 tgrid/tracker5.c
-r--r--r-- avi/wheel       3190 2014-12-29 23:02 TRX/4dfptoascii.c
-r--r----- avi/program     2216 2007-03-05 20:02 TRX/ANALYZE.h
-r--r----- avi/program     4110 2007-09-08 16:29 TRX/asciito4dfp.c
-rw-r--r-- avi/program     5511 2010-05-18 21:20 TRX/calloc_subs.c
-r--r--r-- avi/program     1079 2008-03-11 22:07 TRX/calloc_subs.h
-r--r----- avi/program     5087 2007-04-02 23:45 TRX/endian_4dfp.c
-r--r----- avi/program    11290 2011-04-08 19:16 TRX/endianio.c
-r--r----- avi/program     3412 2011-04-08 18:52 TRX/endianio.h
-r--r----- avi/program    21265 2008-12-29 22:58 TRX/etadeta.f
-r--r----- avi/program     8298 2008-12-29 23:03 TRX/fimgetae.f
-r--r----- avi/program    13170 2007-07-18 18:16 TRX/fimgeta.f
-r--r----- avi/program     5672 2008-08-14 22:03 TRX/fomega.f
-r--r----- avi/program    12045 2011-04-08 19:17 TRX/Getifh.c
-r--r----- avi/program     2550 2007-08-15 23:09 TRX/Getifh.h
-r--r----- avi/program     3497 2007-05-03 22:15 TRX/ifh2hdr.c
-r--r----- avi/program     2212 2007-05-03 18:18 TRX/ifh.h
-r--r----- avi/program     3368 2008-09-14 20:33 TRX/Inithdr.c
-r--r----- avi/program     7965 2014-08-22 19:29 TRX/rec.c
-r--r----- avi/program     1625 2007-09-13 21:20 TRX/rec.h
-r--r----- avi/program     2262 2007-04-21 23:35 TRX/spline23dvgh.h
-r--r----- avi/program     1792 2007-09-21 01:19 TRX/spline23dvgh_test.c
-r--r----- avi/program     9458 2011-07-06 20:07 TRX/spline2dvgh.f
-rw-r----- avi/program    35957 2014-09-30 21:19 TRX/spline3dvgh.f
-r--r----- avi/program     1188 2006-09-23 15:52 TRX/test_rec.c
-r--r----- avi/program     7321 2007-07-18 18:33 TRX/twoecal.f
-r--r----- avi/program     7829 2013-08-24 23:53 var_4dfp/dvar_4dfp.c
-r--r--r-- avi/program     5854 2013-08-22 23:59 var_4dfp/set_undefined_4dfp.c
-r--r----- avi/wheel      15421 2016-07-06 23:01 var_4dfp/var_4dfp.c
-r--r--r-- avi/wheel       2901 2010-02-11 23:47 vto4dfp/fourier.c
-r--r--r-- avi/wheel       5447 2010-02-11 23:49 vto4dfp/js_nrutil.c
-r--r----- avi/wheel       3548 2010-02-11 23:47 vto4dfp/util.h
-rw-r----- shimonyj/wheel 21182 2012-03-09 16:52 vto4dfp/vto4dfp.c
-r--r----- avi/program    19811 2010-12-22 21:41 wrpsmg_4dfp/wrpsmg_4dfp.c
-r--r----- avi/program     4359 2007-08-18 18:03 zero_lt_4dfp/zero_gt_4dfp.c
-r--r----- avi/program     4473 2007-08-18 19:29 zero_lt_4dfp/zero_gtlt_4dfp.c
-r--r----- avi/program     4793 2007-08-18 18:42 zero_lt_4dfp/zero_lt_4dfp.c
-r--r----- avi/program     4464 2007-08-18 19:33 zero_lt_4dfp/zero_ltgt_4dfp.c
